npx : FAIL tests/contentModer
ator.test.js
At line:1 char:1
+ npx jest tests/contentModer
ator.test.js 
tests/safetyManager.test.js 
- ...
+ ~~~~~~~~~~~~~~~~~~~~~~~~~~~
~~~~~~~~~~~~~~~~~~~~~~~~~~~~~
~~~~~~~~~~~~~
    + CategoryInfo          
: NotSpeci    fied: (FAIL 
tests/contentModerator    
.test.js:String) [], 
RemoteExcepti    on
    + FullyQualifiedErrorId 
: NativeCo    mmandError
 
  ΓùÅ Console

    console.log
      [32minfo[39m: 
Moderating topic: "Cole 
Palmer" {"service":"trend-age
nt","timestamp":"2026-02-08 
17:27:26"}

      at Console.log (node_mo
dules/winston/lib/winston/tra
nsports/console.js:87:23)

    console.log
      [32minfo[39m: 
Moderating topic: "badword" {
"service":"trend-agent","time
stamp":"2026-02-08 17:27:26"}

      at Console.log (node_mo
dules/winston/lib/winston/tra
nsports/console.js:87:23)

    console.log
      [32minfo[39m: 
Moderating topic: "Trending 
Topic" {"service":"trend-agen
t","timestamp":"2026-02-08 
17:27:26"}

      at Console.log (node_mo
dules/winston/lib/winston/tra
nsports/console.js:87:23)

  ΓùÅ ContentModerator ΓÇ║ 
should approve clean topics

    expect(received).toBe(exp
ected) // Object.is equality

    Expected: "CLPL"
    Received: undefined

    [0m [90m  5 |[39m     
    [36mconst[39m result 
[33m=[39m [36mawait[39m c
ontentModerator[33m.[39mche
ckTopic([32m'Cole 
Palmer'[39m)[33m;[39m
     [90m  6 |[39m         
expect(result[33m.[39mappro
ved)[33m.[39mtoBe([36mtrue
[39m)[33m;[39m
    
[31m[1m>[22m[39m[90m  7 
|[39m         expect(result
[33m.[39msymbol)[33m.[39mt
oBe([32m'CLPL'[39m)[33m;[
39m
     [90m    |[39m         
                      
[31m[1m^[22m[39m
     [90m  8 |[39m     
})[33m;[39m
     [90m  9 |[39m
     [90m 10 |[39m     
test([32m'should reject 
offensive 
topics'[39m[33m,[39m 
[36masync[39m () 
[33m=>[39m {[0m

      at Object.toBe (tests/c
ontentModerator.test.js:7:31)

  ΓùÅ ContentModerator ΓÇ║ 
should generate 3-4 
character symbols

    TypeError: Cannot read 
properties of undefined 
(reading 'length')

    [0m [90m 18 |[39m     
    [36mconst[39m result 
[33m=[39m [36mawait[39m c
ontentModerator[33m.[39mche
ckTopic([32m'Trending 
Topic'[39m)[33m;[39m
     [90m 19 |[39m         
[36mif[39m 
(result[33m.[39mapproved) {
    
[31m[1m>[22m[39m[90m 20 
|[39m             expect(res
ult[33m.[39msymbol[33m.[3
9mlength)[33m.[39mtoBeGreat
erThanOrEqual([35m2[39m)[3
3m;[39m
     [90m    |[39m         
                         
[31m[1m^[22m[39m
     [90m 21 |[39m         
    expect(result[33m.[39ms
ymbol[33m.[39mlength)[33m.
[39mtoBeLessThanOrEqual([35
m5[39m)[33m;[39m
     [90m 22 |[39m         
}
     [90m 23 |[39m     
})[33m;[39m[0m

      at Object.length (tests
/contentModerator.test.js:20:
34)

PASS 
tests/safetyManager.test.js
  ΓùÅ Console

    console.log
      [32minfo[39m: 
SafetyManager: Performing 
pre-deployment safety 
checks... {"service":"trend-a
gent","timestamp":"2026-02-08
 17:27:26"}

      at Console.log (node_mo
dules/winston/lib/winston/tra
nsports/console.js:87:23)

    console.log
      [32minfo[39m: 
SafetyManager: Current 
balance: 1.0 ETH {"service":"
trend-agent","timestamp":"202
6-02-08 17:27:26"}

      at Console.log (node_mo
dules/winston/lib/winston/tra
nsports/console.js:87:23)

    console.log
      [32minfo[39m: 
SafetyManager: All safe. 
Proceeding. {"service":"trend
-agent","timestamp":"2026-02-
08 17:27:26"}

      at Console.log (node_mo
dules/winston/lib/winston/tra
nsports/console.js:87:23)

    console.log
      [32minfo[39m: 
SafetyManager: Performing 
pre-deployment safety 
checks... {"service":"trend-a
gent","timestamp":"2026-02-08
 17:27:26"}

      at Console.log (node_mo
dules/winston/lib/winston/tra
nsports/console.js:87:23)

    console.log
      [32minfo[39m: 
SafetyManager: Current 
balance: 0.01 ETH {"service":
"trend-agent","timestamp":"20
26-02-08 17:27:26"}

      at Console.log (node_mo
dules/winston/lib/winston/tra
nsports/console.js:87:23)

    console.log
      [33mwarn[39m: 
SafetyManager: LOW BALANCE 
ALERT! Balance is below 0.05 
ETH {"service":"trend-agent",
"timestamp":"2026-02-08 
17:27:26"}

      at Console.log (node_mo
dules/winston/lib/winston/tra
nsports/console.js:87:23)

    console.log
      [31merror[39m: 
SafetyManager: Insufficient 
funds for planned action. {"s
ervice":"trend-agent","timest
amp":"2026-02-08 17:27:26"}

      at Console.log (node_mo
dules/winston/lib/winston/tra
nsports/console.js:87:23)

    console.log
      [32minfo[39m: 
SafetyManager: Performing 
pre-deployment safety 
checks... {"service":"trend-a
gent","timestamp":"2026-02-08
 17:27:26"}

      at Console.log (node_mo
dules/winston/lib/winston/tra
nsports/console.js:87:23)

    console.log
      [32minfo[39m: 
SafetyManager: Current 
balance: 1.0 ETH {"service":"
trend-agent","timestamp":"202
6-02-08 17:27:26"}

      at Console.log (node_mo
dules/winston/lib/winston/tra
nsports/console.js:87:23)


Test Suites: 1 failed, 1 
passed, 2 total
Tests:       2 failed, 4 
passed, 6 total
Snapshots:   0 total
Time:        2.148 s, 
estimated 4 s
Ran all test suites matching 
tests/contentModerator.test.j
s|tests/safetyManager.test.js
.
